// Vitest Snapshot v1, https://vitest.dev/guide/snapshot.html

exports[`processFile > processFile 'sample/lib/index.d.ts' 1`] = `
"export { PrimeNumber, Tuple, GUID, AddressGuid, Address, PhoneNumberGuid, PhoneNumber, PersonGuid, Person, Annotation, } from './types.mjs';
export { lookUpPerson } from './lookup.mjs';
export { fetchEntity } from './database/index.mjs';
//# sourceMappingURL=index.d.mts.map"
`;

exports[`processFile > processFile 'sample/lib/index.js' 1`] = `
"export { lookUpPerson } from './lookup.mjs';
export { fetchEntity } from './database/index.mjs';
//# sourceMappingURL=index.mjs.map"
`;

exports[`processFile > processFile allowJsOutsideOfRoot 'sample/lib/database/fetch.d.ts' 1`] = `
"import { Entity, GUID } from '../../../../../fixtures/sample/lib/types.js';
export declare function fetchEntity<T extends Entity>(guid: GUID): Promise<T | undefined>;
//# sourceMappingURL=fetch.d.mts.map"
`;
