// Vitest Snapshot v1

exports[`SourceFile > SourceFile Api 1`] = `{}`;
